{"ok":true,"crystal_status":"live","prev":"pending_review","allowlisted":false,"from_test_result":false,"reasons":["approve: IR diff + PATCH + JSON file"],"patch":{"method":"PATCH","path":"/api/rs/testcase/99","body":{"customFields":[{"customField":{"name":"crystal_status"},"name":"live"}]}},"diff":{"changed":false,"fingerprint_a":"example-not-live","fingerprint_b":"example-not-live","changes":[]},"wrote":"<OUT>"}
